// Jest Snapshot v1, https://goo.gl/fbAQLP

exports[`<Button /> should render by default 1`] = `
.c0 {
  display: -webkit-box;
  display: -webkit-flex;
  display: -ms-flexbox;
  display: flex;
  -webkit-box-pack: center;
  -webkit-justify-content: center;
  -ms-flex-pack: center;
  justify-content: center;
  -webkit-align-items: center;
  -webkit-box-align: center;
  -ms-flex-align: center;
  align-items: center;
  font-size: 1rem;
  font-family: Open Sans;
  cursor: pointer;
  border: none;
  border-radius: 0.2rem;
  background-color: #3b97de;
  color: #001965;
  width: 100%;
}

<button
  class="c0"
>
  <span>
    Buy now
  </span>
</button>
`;
