// Jest Snapshot v1, https://goo.gl/fbAQLP

exports[`<NotFound /> should render not found 1`] = `
.c0 {
  margin-top: 2rem;
}

<div
  class="c0"
>
  <h1
    class="title"
  >
    Erro: 404
  </h1>
  <p>
    Página não encontrada.
  </p>
</div>
`;
